Mono path[0] = 'C:/Users/HP/Documents/GitHub/proyectos-unity/Builds/Windows/Release/EsneiderProtocoloLazaro_Data/Managed'
Mono config path = 'C:/Users/HP/Documents/GitHub/proyectos-unity/Builds/Windows/Release/MonoBleedingEdge/etc'
CodeReloadManager initialized
Input System module state changed to: Initialized.
[Physics::Module] Initialized fallback backend.
[Physics::Module] Id: 0xdecafbad
Initialize engine version: 6000.6.1f1 (7efac9f6c10e)
[EntityIdStore] init: VM path (explicit commit), pageSize=4096, blockCount=1048576, entitiesPerBlock=256, slots reserved=4294967296 bytes
[Subsystems] Discovering subsystems at path C:/Users/HP/Documents/GitHub/proyectos-unity/Builds/Windows/Release/EsneiderProtocoloLazaro_Data/UnitySubsystems
GfxDevice: creating device client; kGfxThreadingModeClientWorkerJobs
Direct3D:
    Version:  Direct3D 11.0 [level 11.1]
    Renderer: Intel(R) HD Graphics 630 (ID=0x5912)
    Vendor:   Intel
    VRAM:     12225 MB
    Driver:   31.0.101.2141
Begin MonoManager ReloadAssembly
- Finished resetting the current domain, in  0.018 seconds
[Physics::Module] Selected backend.
[Physics::Module] Name: PhysX
[Physics::Module] Id: 0xf2b8ea05
[Physics::Module] SDK Version: 4.1.2
[Physics::Module] Integration Version: 1.0.0
[Physics::Module] Threading Mode: Multi-Threaded
<RI> Initializing input.
Using Windows.Gaming.Input
UnloadTime: 3.150600 ms
Shader 'Hidden/Universal Render Pipeline/GaussianDepthOfField' is not supported or has been stripped from the build (in 'DepthOfFieldGaussianPostProcessPass'). PostProcessing render passes will not execute.
Shader 'Hidden/Universal Render Pipeline/GaussianDepthOfField' is not supported or has been stripped from the build (in 'DepthOfFieldGaussianPostProcessPass'). PostProcessing render passes will not execute.
Shader 'Hidden/Universal Render Pipeline/BokehDepthOfField' is not supported or has been stripped from the build (in 'DepthOfFieldBokehPostProcessPass'). PostProcessing render passes will not execute.
Shader 'Hidden/Universal Render Pipeline/PaniniProjection' is not supported or has been stripped from the build (in 'PaniniProjectionPostProcessPass'). PostProcessing render passes will not execute.
EVT EVT-06: banco de audio 'SND-KUS-Step-A' ausente; fallback sin sonido (93.3)
Unloading 8 Unused Serialized files (Serialized files now loaded: 0)
Unloading 63 unused Assets to reduce memory usage. Loaded Objects now: 7914.
Total: 3.080800 ms (FindLiveObjects: 0.574100 ms CreateObjectMapping: 0.181900 ms MarkObjects: 2.136100 ms  DeleteObjects: 0.103300 ms)

Resultado: DERROTA_RED | Sector: S1 | Vida: 60 | Enemigos: 0 | Disparos: 0 | Impactos físicos: 0 | Tiempo: 158 s
Unloading 7 Unused Serialized files (Serialized files now loaded: 0)
Unloading 3 unused Assets to reduce memory usage. Loaded Objects now: 14526.
Total: 5.841900 ms (FindLiveObjects: 1.918500 ms CreateObjectMapping: 0.329900 ms MarkObjects: 3.167700 ms  DeleteObjects: 0.071500 ms)

Unloading 6 Unused Serialized files (Serialized files now loaded: 0)
Unloading 31 unused Assets to reduce memory usage. Loaded Objects now: 12071.
Total: 4.023200 ms (FindLiveObjects: 1.818300 ms CreateObjectMapping: 0.234200 ms MarkObjects: 1.752200 ms  DeleteObjects: 0.078400 ms)

Unloading 6 Unused Serialized files (Serialized files now loaded: 0)
Unloading 3 unused Assets to reduce memory usage. Loaded Objects now: 14198.
Total: 6.936600 ms (FindLiveObjects: 1.827900 ms CreateObjectMapping: 0.447600 ms MarkObjects: 4.112600 ms  DeleteObjects: 0.101000 ms)

Unloading 0 Unused Serialized files (Serialized files now loaded: 0)
Unloading 33 unused Assets to reduce memory usage. Loaded Objects now: 7328.
Total: 5.149700 ms (FindLiveObjects: 0.915200 ms CreateObjectMapping: 0.286200 ms MarkObjects: 3.639200 ms  DeleteObjects: 0.095800 ms)

EVT EVT-C3: banco de audio 'SND-BOSS-Step-A' ausente; fallback sin sonido (93.3)
Unloading 6 Unused Serialized files (Serialized files now loaded: 0)
Unloading 52 unused Assets to reduce memory usage. Loaded Objects now: 12056.
Total: 3.556400 ms (FindLiveObjects: 0.873000 ms CreateObjectMapping: 0.242700 ms MarkObjects: 2.223400 ms  DeleteObjects: 0.080400 ms)

Unloading 5 Unused Serialized files (Serialized files now loaded: 0)
Unloading 3 unused Assets to reduce memory usage. Loaded Objects now: 14517.
Total: 7.403600 ms (FindLiveObjects: 2.032600 ms CreateObjectMapping: 0.475100 ms MarkObjects: 4.372800 ms  DeleteObjects: 0.067400 ms)

Unloading 4 Unused Serialized files (Serialized files now loaded: 0)
Unloading 52 unused Assets to reduce memory usage. Loaded Objects now: 7977.
Total: 6.741600 ms (FindLiveObjects: 0.964300 ms CreateObjectMapping: 0.313600 ms MarkObjects: 4.941300 ms  DeleteObjects: 0.288000 ms)

Unloading 3 Unused Serialized files (Serialized files now loaded: 0)
Unloading 3 unused Assets to reduce memory usage. Loaded Objects now: 9111.
Total: 6.329300 ms (FindLiveObjects: 1.337100 ms CreateObjectMapping: 0.485600 ms MarkObjects: 4.158700 ms  DeleteObjects: 0.058600 ms)

Unloading 0 Unused Serialized files (Serialized files now loaded: 0)
Unloading 55 unused Assets to reduce memory usage. Loaded Objects now: 5966.
Total: 3.358000 ms (FindLiveObjects: 0.536700 ms CreateObjectMapping: 0.189900 ms MarkObjects: 2.429300 ms  DeleteObjects: 0.104400 ms)

Unloading 6 Unused Serialized files (Serialized files now loaded: 0)
Unloading 59 unused Assets to reduce memory usage. Loaded Objects now: 7968.
Total: 3.044500 ms (FindLiveObjects: 0.656900 ms CreateObjectMapping: 0.157900 ms MarkObjects: 2.073000 ms  DeleteObjects: 0.072000 ms)

Unloading 6 Unused Serialized files (Serialized files now loaded: 0)
Unloading 3 unused Assets to reduce memory usage. Loaded Objects now: 14526.
Total: 4.484300 ms (FindLiveObjects: 2.029100 ms CreateObjectMapping: 0.343500 ms MarkObjects: 1.904700 ms  DeleteObjects: 0.050500 ms)

Unloading 6 Unused Serialized files (Serialized files now loaded: 0)
Unloading 31 unused Assets to reduce memory usage. Loaded Objects now: 12071.
Total: 5.583700 ms (FindLiveObjects: 2.132400 ms CreateObjectMapping: 0.313900 ms MarkObjects: 2.682800 ms  DeleteObjects: 0.102900 ms)

Unloading 6 Unused Serialized files (Serialized files now loaded: 0)
Unloading 3 unused Assets to reduce memory usage. Loaded Objects now: 14198.
Total: 6.587300 ms (FindLiveObjects: 1.820200 ms CreateObjectMapping: 0.378300 ms MarkObjects: 3.919200 ms  DeleteObjects: 0.067300 ms)

Unloading 0 Unused Serialized files (Serialized files now loaded: 0)
Unloading 33 unused Assets to reduce memory usage. Loaded Objects now: 7328.
Total: 8.338900 ms (FindLiveObjects: 1.095700 ms CreateObjectMapping: 0.330500 ms MarkObjects: 6.490400 ms  DeleteObjects: 0.135000 ms)

Unloading 6 Unused Serialized files (Serialized files now loaded: 0)
Unloading 52 unused Assets to reduce memory usage. Loaded Objects now: 12056.
Total: 8.736500 ms (FindLiveObjects: 1.765700 ms CreateObjectMapping: 0.384700 ms MarkObjects: 5.978500 ms  DeleteObjects: 0.174200 ms)

Unloading 5 Unused Serialized files (Serialized files now loaded: 0)
Unloading 3 unused Assets to reduce memory usage. Loaded Objects now: 14517.
Total: 5.347700 ms (FindLiveObjects: 1.537700 ms CreateObjectMapping: 0.315800 ms MarkObjects: 3.178500 ms  DeleteObjects: 0.062500 ms)

Unloading 4 Unused Serialized files (Serialized files now loaded: 0)
Unloading 52 unused Assets to reduce memory usage. Loaded Objects now: 7977.
Total: 3.573700 ms (FindLiveObjects: 1.067300 ms CreateObjectMapping: 0.208800 ms MarkObjects: 2.111000 ms  DeleteObjects: 0.074200 ms)

Unloading 3 Unused Serialized files (Serialized files now loaded: 0)
Unloading 3 unused Assets to reduce memory usage. Loaded Objects now: 9111.
Total: 5.994900 ms (FindLiveObjects: 1.014100 ms CreateObjectMapping: 0.318000 ms MarkObjects: 4.444100 ms  DeleteObjects: 0.049000 ms)

PerfProbe session: median 14,2 ms (fps 71), p95 22,6 ms, hitches 2, frames 121042 → C:/Users/HP/AppData/LocalLow/DefaultCompany/EsneiderProtocoloLazaro\perf_session.json
[Physics::Module] Cleanup current backend.
[Physics::Module] Id: 0xf2b8ea05
Input System module state changed to: ShutdownInProgress.
Input Polling Thread exited.
Input System module state changed to: Shutdown.
CodeReloadManager destroyed
