Mono path[0] = 'C:/Users/HP/Documents/GitHub/proyectos-unity/Builds/Windows/Release/EsneiderProtocoloLazaro_Data/Managed'
Mono config path = 'C:/Users/HP/Documents/GitHub/proyectos-unity/Builds/Windows/Release/MonoBleedingEdge/etc'
CodeReloadManager initialized
Input System module state changed to: Initialized.
[Physics::Module] Initialized fallback backend.
[Physics::Module] Id: 0xdecafbad
Initialize engine version: 6000.6.1f1 (7efac9f6c10e)
[EntityIdStore] init: VM path (explicit commit), pageSize=4096, blockCount=1048576, entitiesPerBlock=256, slots reserved=4294967296 bytes
[Subsystems] Discovering subsystems at path C:/Users/HP/Documents/GitHub/proyectos-unity/Builds/Windows/Release/EsneiderProtocoloLazaro_Data/UnitySubsystems
GfxDevice: creating device client; kGfxThreadingModeClientWorkerJobs
Direct3D:
    Version:  Direct3D 11.0 [level 11.1]
    Renderer: Intel(R) HD Graphics 630 (ID=0x5912)
    Vendor:   Intel
    VRAM:     12225 MB
    Driver:   31.0.101.2141
Begin MonoManager ReloadAssembly
- Finished resetting the current domain, in  0.018 seconds
[Physics::Module] Selected backend.
[Physics::Module] Name: PhysX
[Physics::Module] Id: 0xf2b8ea05
[Physics::Module] SDK Version: 4.1.2
[Physics::Module] Integration Version: 1.0.0
[Physics::Module] Threading Mode: Multi-Threaded
<RI> Initializing input.
Using Windows.Gaming.Input
UnloadTime: 3.392000 ms
Shader 'Hidden/Universal Render Pipeline/GaussianDepthOfField' is not supported or has been stripped from the build (in 'DepthOfFieldGaussianPostProcessPass'). PostProcessing render passes will not execute.
Shader 'Hidden/Universal Render Pipeline/GaussianDepthOfField' is not supported or has been stripped from the build (in 'DepthOfFieldGaussianPostProcessPass'). PostProcessing render passes will not execute.
Shader 'Hidden/Universal Render Pipeline/BokehDepthOfField' is not supported or has been stripped from the build (in 'DepthOfFieldBokehPostProcessPass'). PostProcessing render passes will not execute.
Shader 'Hidden/Universal Render Pipeline/PaniniProjection' is not supported or has been stripped from the build (in 'PaniniProjectionPostProcessPass'). PostProcessing render passes will not execute.
Unloading 8 Unused Serialized files (Serialized files now loaded: 0)
Unloading 72 unused Assets to reduce memory usage. Loaded Objects now: 7605.
Total: 6.234000 ms (FindLiveObjects: 0.941600 ms CreateObjectMapping: 0.306100 ms MarkObjects: 4.514300 ms  DeleteObjects: 0.234700 ms)

Resultado: DERROTA_RED | Sector: S1 | Vida: 60 | Enemigos: 0 | Disparos: 0 | Impactos físicos: 0 | Tiempo: 21 s
PerfProbe S4_control: median 16,0 ms (fps 63), p95 18,2 ms, hitches 0, frames 3805 → C:/Users/HP/AppData/LocalLow/DefaultCompany/EsneiderProtocoloLazaro\perf_S4_control.json
[Physics::Module] Cleanup current backend.
[Physics::Module] Id: 0xf2b8ea05
Input System module state changed to: ShutdownInProgress.
Input Polling Thread exited.
Input System module state changed to: Shutdown.
CodeReloadManager destroyed
